******************************************************************************
                  TI ARM Linker PC v18.12.1                    
******************************************************************************
>> Linked Sun Sep 22 20:38:05 2019

OUTPUT FILE NAME:   <hello.out>
ENTRY POINT SYMBOL: "_c_int00_noargs"  address: 00000a8d


MEMORY CONFIGURATION

         name            origin    length      used     unused   attr    fill
----------------------  --------  ---------  --------  --------  ----  --------
  FLASH                 00000000   00040000  00000c26  0003f3da  R  X
  SRAM                  20000000   00008000  00000209  00007df7  RW X


SEGMENT ALLOCATION MAP

run origin  load origin   length   init length attrs members
----------  ----------- ---------- ----------- ----- -------
00000000    00000000    00000c28   00000c28    r-x
  00000000    00000000    0000026c   0000026c    r-- .intvecs
  0000026c    0000026c    00000906   00000906    r-x .text
  00000b74    00000b74    00000084   00000084    r-- .const
  00000bf8    00000bf8    00000030   00000030    r-- .cinit
20000000    20000000    0000020c   00000000    rw-
  20000000    20000000    00000200   00000000    rw- .stack
  20000200    20000200    00000005   00000000    rw- .data
  20000208    20000208    00000004   00000000    rw- .bss


SECTION ALLOCATION MAP

 output                                  attributes/
section   page    origin      length       input sections
--------  ----  ----------  ----------   ----------------
.intvecs   0    00000000    0000026c     
                  00000000    0000026c     startup_ccs.obj (.intvecs)

.text      0    0000026c    00000906     
                  0000026c    00000234     hello.obj (.text:main)
                  000004a0    00000132     driverlib.lib : gpio.obj (.text:GPIOPadConfigSet)
                  000005d2    00000002     startup_ccs.obj (.text:FaultISR)
                  000005d4    00000110     driverlib.lib : sysctl.obj (.text:SysCtlClockGet)
                  000006e4    0000009c     rtsv7M4_T_le_v4SPD16_eabi.lib : memcpy_t2.asm.obj (.text)
                  00000780    0000006c     hello.obj (.text:ConfigureUART_1)
                  000007ec    00000068     hello.obj (.text:ConfigureUART_0)
                  00000854    00000068     rtsv7M4_T_le_v4SPD16_eabi.lib : copy_decompress_lzss.c.obj (.text:decompress:lzss:__TI_decompress_lzss)
                  000008bc    00000060     hello.obj (.text:Timer0IntHandler)
                  0000091c    00000060     hello.obj (.text:Timer1IntHandler)
                  0000097c    00000060     uartstdio.obj (.text:UARTStdioConfig)
                  000009dc    00000044     rtsv7M4_T_le_v4SPD16_eabi.lib : autoinit.c.obj (.text:__TI_auto_init_nobinit_nopinit:__TI_auto_init_nobinit_nopinit)
                  00000a20    00000038     driverlib.lib : sysctl.obj (.text:SysCtlPeripheralReady)
                  00000a58    00000034                   : sysctl.obj (.text:SysCtlPeripheralEnable)
                  00000a8c    00000034     rtsv7M4_T_le_v4SPD16_eabi.lib : boot_cortex_m.c.obj (.text:_c_int00_noargs:_c_int00_noargs)
                  00000ac0    0000002a     driverlib.lib : gpio.obj (.text:GPIODirModeSet)
                  00000aea    00000018                   : gpio.obj (.text:GPIOPinTypeGPIOOutput)
                  00000b02    00000012                   : gpio.obj (.text:GPIOPinTypeGPIOInput)
                  00000b14    00000012     rtsv7M4_T_le_v4SPD16_eabi.lib : copy_zero_init.c.obj (.text:decompress:ZI:__TI_zero_init_nomemset:__TI_zero_init_nomemset)
                  00000b26    0000000e                                   : copy_decompress_none.c.obj (.text:decompress:none:__TI_decompress_none)
                  00000b34    0000000a     driverlib.lib : uart.obj (.text:UARTCharGet)
                  00000b3e    0000000a                   : uart.obj (.text:UARTCharPut)
                  00000b48    00000006                   : gpio.obj (.text:GPIOPinRead)
                  00000b4e    00000006                   : gpio.obj (.text:GPIOPinWrite)
                  00000b54    00000006     startup_ccs.obj (.text:ResetISR)
                  00000b5a    00000006     driverlib.lib : sysctl.obj (.text:SysCtlDelay)
                  00000b60    00000006                   : uart.obj (.text:UARTClockSourceSet)
                  00000b66    00000004     rtsv7M4_T_le_v4SPD16_eabi.lib : pre_init.c.obj (.text:_system_pre_init)
                  00000b6a    00000004                                   : exit.c.obj (.text:abort:abort)
                  00000b6e    00000002     startup_ccs.obj (.text:IntDefaultHandler)
                  00000b70    00000002     startup_ccs.obj (.text:NmiSR)

.const     0    00000b74    00000084     
                  00000b74    0000006c     driverlib.lib : sysctl.obj (.const:g_pui32Xtals)
                  00000be0    0000000c     uartstdio.obj (.const:g_ui32UARTBase)
                  00000bec    0000000c     uartstdio.obj (.const:g_ui32UARTPeriph)

.cinit     0    00000bf8    00000030     
                  00000bf8    0000000c     (__TI_handler_table)
                  00000c04    00000004     --HOLE-- [fill = 0]
                  00000c08    00000008     (.cinit..bss.load) [load image, compression = zero_init]
                  00000c10    00000007     (.cinit..data.load) [load image, compression = lzss]
                  00000c17    00000001     --HOLE-- [fill = 0]
                  00000c18    00000010     (__TI_cinit_table)

.init_array 
*          0    00000000    00000000     UNINITIALIZED

.data      0    20000200    00000005     UNINITIALIZED
                  20000200    00000005     uartstdio.obj (.data)

.bss       0    20000208    00000004     UNINITIALIZED
                  20000208    00000004     (.common:g_ui32Flags)

.stack     0    20000000    00000200     UNINITIALIZED
                  20000000    00000004     rtsv7M4_T_le_v4SPD16_eabi.lib : boot_cortex_m.c.obj (.stack)
                  20000004    000001fc     --HOLE--

MODULE SUMMARY

       Module                       code   ro data   rw data
       ------                       ----   -------   -------
    .\
       hello.obj                    968    0         4      
       startup_ccs.obj              12     620       0      
    +--+----------------------------+------+---------+---------+
       Total:                       980    620       4      
                                                            
    .\utils\
       uartstdio.obj                96     24        5      
    +--+----------------------------+------+---------+---------+
       Total:                       96     24        5      
                                                            
    C:/ti/TivaWare_C_Series-2.1.4.178/driverlib/ccs/Debug/driverlib.lib
       sysctl.obj                   386    108       0      
       gpio.obj                     402    0         0      
       uart.obj                     26     0         0      
    +--+----------------------------+------+---------+---------+
       Total:                       814    108       0      
                                                            
    C:\ti\ccs901\ccs\tools\compiler\ti-cgt-arm_18.12.1.LTS\lib\rtsv7M4_T_le_v4SPD16_eabi.lib
       memcpy_t2.asm.obj            156    0         0      
       copy_decompress_lzss.c.obj   104    0         0      
       autoinit.c.obj               68     0         0      
       boot_cortex_m.c.obj          52     0         0      
       copy_zero_init.c.obj         18     0         0      
       copy_decompress_none.c.obj   14     0         0      
       exit.c.obj                   4      0         0      
       pre_init.c.obj               4      0         0      
    +--+----------------------------+------+---------+---------+
       Total:                       420    0         0      
                                                            
       Stack:                       0      0         512    
       Linker Generated:            0      43        0      
    +--+----------------------------+------+---------+---------+
       Grand Total:                 2310   795       521    


LINKER GENERATED COPY TABLES

__TI_cinit_table @ 00000c18 records: 2, size/record: 8, table size: 16
	.bss: load addr=00000c08, load size=00000008 bytes, run addr=20000208, run size=00000004 bytes, compression=zero_init
	.data: load addr=00000c10, load size=00000007 bytes, run addr=20000200, run size=00000005 bytes, compression=lzss


LINKER GENERATED HANDLER TABLE

__TI_handler_table @ 00000bf8 records: 3, size/record: 4, table size: 12
	index: 0, handler: __TI_decompress_lzss
	index: 1, handler: __TI_decompress_none
	index: 2, handler: __TI_zero_init


GLOBAL SYMBOLS: SORTED ALPHABETICALLY BY Name 

address   name                          
-------   ----                          
00000b6b  C$$EXIT                       
000007ed  ConfigureUART_0               
00000781  ConfigureUART_1               
00000ac1  GPIODirModeSet                
000004a1  GPIOPadConfigSet              
00000b49  GPIOPinRead                   
00000b03  GPIOPinTypeGPIOInput          
00000aeb  GPIOPinTypeGPIOOutput         
00000b4f  GPIOPinWrite                  
00000b55  ResetISR                      
000005d5  SysCtlClockGet                
00000b5b  SysCtlDelay                   
00000a59  SysCtlPeripheralEnable        
00000a21  SysCtlPeripheralReady         
000008bd  Timer0IntHandler              
0000091d  Timer1IntHandler              
00000b35  UARTCharGet                   
00000b3f  UARTCharPut                   
00000b61  UARTClockSourceSet            
0000097d  UARTStdioConfig               
20000200  __STACK_END                   
00000200  __STACK_SIZE                  
20000200  __STACK_TOP                   
00000c18  __TI_CINIT_Base               
00000c28  __TI_CINIT_Limit              
00000bf8  __TI_Handler_Table_Base       
00000c04  __TI_Handler_Table_Limit      
000009dd  __TI_auto_init_nobinit_nopinit
00000855  __TI_decompress_lzss          
00000b27  __TI_decompress_none          
ffffffff  __TI_pprof_out_hndl           
ffffffff  __TI_prof_data_size           
ffffffff  __TI_prof_data_start          
00000000  __TI_static_base__            
00000b15  __TI_zero_init_nomemset       
000006e5  __aeabi_memcpy                
000006e5  __aeabi_memcpy4               
000006e5  __aeabi_memcpy8               
ffffffff  __binit__                     
ffffffff  __c_args__                    
UNDEFED   __mpu_init                    
20000000  __stack                       
00000a8d  _c_int00_noargs               
UNDEFED   _system_post_cinit            
00000b67  _system_pre_init              
00000b6b  abort                         
ffffffff  binit                         
00000000  g_pfnVectors                  
20000208  g_ui32Flags                   
0000026d  main                          
000006e5  memcpy                        


GLOBAL SYMBOLS: SORTED BY Symbol Address 

address   name                          
-------   ----                          
00000000  __TI_static_base__            
00000000  g_pfnVectors                  
00000200  __STACK_SIZE                  
0000026d  main                          
000004a1  GPIOPadConfigSet              
000005d5  SysCtlClockGet                
000006e5  __aeabi_memcpy                
000006e5  __aeabi_memcpy4               
000006e5  __aeabi_memcpy8               
000006e5  memcpy                        
00000781  ConfigureUART_1               
000007ed  ConfigureUART_0               
00000855  __TI_decompress_lzss          
000008bd  Timer0IntHandler              
0000091d  Timer1IntHandler              
0000097d  UARTStdioConfig               
000009dd  __TI_auto_init_nobinit_nopinit
00000a21  SysCtlPeripheralReady         
00000a59  SysCtlPeripheralEnable        
00000a8d  _c_int00_noargs               
00000ac1  GPIODirModeSet                
00000aeb  GPIOPinTypeGPIOOutput         
00000b03  GPIOPinTypeGPIOInput          
00000b15  __TI_zero_init_nomemset       
00000b27  __TI_decompress_none          
00000b35  UARTCharGet                   
00000b3f  UARTCharPut                   
00000b49  GPIOPinRead                   
00000b4f  GPIOPinWrite                  
00000b55  ResetISR                      
00000b5b  SysCtlDelay                   
00000b61  UARTClockSourceSet            
00000b67  _system_pre_init              
00000b6b  C$$EXIT                       
00000b6b  abort                         
00000bf8  __TI_Handler_Table_Base       
00000c04  __TI_Handler_Table_Limit      
00000c18  __TI_CINIT_Base               
00000c28  __TI_CINIT_Limit              
20000000  __stack                       
20000200  __STACK_END                   
20000200  __STACK_TOP                   
20000208  g_ui32Flags                   
ffffffff  __TI_pprof_out_hndl           
ffffffff  __TI_prof_data_size           
ffffffff  __TI_prof_data_start          
ffffffff  __binit__                     
ffffffff  __c_args__                    
ffffffff  binit                         
UNDEFED   __mpu_init                    
UNDEFED   _system_post_cinit            

[51 symbols]
