******************************************************************************
                  TI ARM Linker PC v18.12.1                    
******************************************************************************
>> Linked Sat Sep 21 20:39:06 2019

OUTPUT FILE NAME:   <hello.out>
ENTRY POINT SYMBOL: "_c_int00_noargs"  address: 0000080d


MEMORY CONFIGURATION

         name            origin    length      used     unused   attr    fill
----------------------  --------  ---------  --------  --------  ----  --------
  FLASH                 00000000   00040000  00000972  0003f68e  R  X
  SRAM                  20000000   00008000  00000205  00007dfb  RW X


SEGMENT ALLOCATION MAP

run origin  load origin   length   init length attrs members
----------  ----------- ---------- ----------- ----- -------
00000000    00000000    00000978   00000978    r-x
  00000000    00000000    0000026c   0000026c    r-- .intvecs
  0000026c    0000026c    0000066a   0000066a    r-x .text
  000008d8    000008d8    00000084   00000084    r-- .const
  00000960    00000960    00000018   00000018    r-- .cinit
20000000    20000000    00000205   00000000    rw-
  20000000    20000000    00000200   00000000    rw- .stack
  20000200    20000200    00000005   00000000    rw- .data


SECTION ALLOCATION MAP

 output                                  attributes/
section   page    origin      length       input sections
--------  ----  ----------  ----------   ----------------
.intvecs   0    00000000    0000026c     
                  00000000    0000026c     startup_ccs.obj (.intvecs)

.text      0    0000026c    0000066a     
                  0000026c    00000132     driverlib.lib : gpio.obj (.text:GPIOPadConfigSet)
                  0000039e    00000002     startup_ccs.obj (.text:FaultISR)
                  000003a0    00000110     driverlib.lib : sysctl.obj (.text:SysCtlClockGet)
                  000004b0    000000dc     hello.obj (.text:main)
                  0000058c    0000009c     rtsv7M4_T_le_v4SPD16_eabi.lib : memcpy_t2.asm.obj (.text)
                  00000628    0000006c     hello.obj (.text:ConfigureUART)
                  00000694    00000068     rtsv7M4_T_le_v4SPD16_eabi.lib : copy_decompress_lzss.c.obj (.text:decompress:lzss:__TI_decompress_lzss)
                  000006fc    00000060     uartstdio.obj (.text:UARTStdioConfig)
                  0000075c    00000044     rtsv7M4_T_le_v4SPD16_eabi.lib : autoinit.c.obj (.text:__TI_auto_init_nobinit_nopinit:__TI_auto_init_nobinit_nopinit)
                  000007a0    00000038     driverlib.lib : sysctl.obj (.text:SysCtlPeripheralReady)
                  000007d8    00000034                   : sysctl.obj (.text:SysCtlPeripheralEnable)
                  0000080c    00000034     rtsv7M4_T_le_v4SPD16_eabi.lib : boot_cortex_m.c.obj (.text:_c_int00_noargs:_c_int00_noargs)
                  00000840    0000002a     driverlib.lib : gpio.obj (.text:GPIODirModeSet)
                  0000086a    00000018                   : gpio.obj (.text:GPIOPinTypeGPIOOutput)
                  00000882    00000012                   : gpio.obj (.text:GPIOPinTypeGPIOInput)
                  00000894    0000000e     rtsv7M4_T_le_v4SPD16_eabi.lib : copy_decompress_none.c.obj (.text:decompress:none:__TI_decompress_none)
                  000008a2    0000000a     driverlib.lib : uart.obj (.text:UARTCharPut)
                  000008ac    00000006                   : gpio.obj (.text:GPIOPinRead)
                  000008b2    00000006                   : gpio.obj (.text:GPIOPinWrite)
                  000008b8    00000006     startup_ccs.obj (.text:ResetISR)
                  000008be    00000006     driverlib.lib : sysctl.obj (.text:SysCtlDelay)
                  000008c4    00000006                   : uart.obj (.text:UARTClockSourceSet)
                  000008ca    00000004     rtsv7M4_T_le_v4SPD16_eabi.lib : pre_init.c.obj (.text:_system_pre_init)
                  000008ce    00000004                                   : exit.c.obj (.text:abort:abort)
                  000008d2    00000002     startup_ccs.obj (.text:IntDefaultHandler)
                  000008d4    00000002     startup_ccs.obj (.text:NmiSR)

.const     0    000008d8    00000084     
                  000008d8    0000006c     driverlib.lib : sysctl.obj (.const:g_pui32Xtals)
                  00000944    0000000c     uartstdio.obj (.const:g_ui32UARTBase)
                  00000950    0000000c     uartstdio.obj (.const:g_ui32UARTPeriph)

.cinit     0    00000960    00000018     
                  00000960    00000008     (__TI_handler_table)
                  00000968    00000007     (.cinit..data.load) [load image, compression = lzss]
                  0000096f    00000001     --HOLE-- [fill = 0]
                  00000970    00000008     (__TI_cinit_table)

.init_array 
*          0    00000000    00000000     UNINITIALIZED

.data      0    20000200    00000005     UNINITIALIZED
                  20000200    00000005     uartstdio.obj (.data)

.stack     0    20000000    00000200     UNINITIALIZED
                  20000000    00000004     rtsv7M4_T_le_v4SPD16_eabi.lib : boot_cortex_m.c.obj (.stack)
                  20000004    000001fc     --HOLE--

MODULE SUMMARY

       Module                       code   ro data   rw data
       ------                       ----   -------   -------
    .\
       startup_ccs.obj              12     620       0      
       hello.obj                    328    0         0      
    +--+----------------------------+------+---------+---------+
       Total:                       340    620       0      
                                                            
    .\utils\
       uartstdio.obj                96     24        5      
    +--+----------------------------+------+---------+---------+
       Total:                       96     24        5      
                                                            
    C:/ti/TivaWare_C_Series-2.1.4.178/driverlib/ccs/Debug/driverlib.lib
       sysctl.obj                   386    108       0      
       gpio.obj                     402    0         0      
       uart.obj                     16     0         0      
    +--+----------------------------+------+---------+---------+
       Total:                       804    108       0      
                                                            
    C:\ti\ccs901\ccs\tools\compiler\ti-cgt-arm_18.12.1.LTS\lib\rtsv7M4_T_le_v4SPD16_eabi.lib
       memcpy_t2.asm.obj            156    0         0      
       copy_decompress_lzss.c.obj   104    0         0      
       autoinit.c.obj               68     0         0      
       boot_cortex_m.c.obj          52     0         0      
       copy_decompress_none.c.obj   14     0         0      
       exit.c.obj                   4      0         0      
       pre_init.c.obj               4      0         0      
    +--+----------------------------+------+---------+---------+
       Total:                       402    0         0      
                                                            
       Stack:                       0      0         512    
       Linker Generated:            0      23        0      
    +--+----------------------------+------+---------+---------+
       Grand Total:                 1642   775       517    


LINKER GENERATED COPY TABLES

__TI_cinit_table @ 00000970 records: 1, size/record: 8, table size: 8
	.data: load addr=00000968, load size=00000007 bytes, run addr=20000200, run size=00000005 bytes, compression=lzss


LINKER GENERATED HANDLER TABLE

__TI_handler_table @ 00000960 records: 2, size/record: 4, table size: 8
	index: 0, handler: __TI_decompress_lzss
	index: 1, handler: __TI_decompress_none


GLOBAL SYMBOLS: SORTED ALPHABETICALLY BY Name 

address   name                          
-------   ----                          
000008cf  C$$EXIT                       
00000629  ConfigureUART                 
00000841  GPIODirModeSet                
0000026d  GPIOPadConfigSet              
000008ad  GPIOPinRead                   
00000883  GPIOPinTypeGPIOInput          
0000086b  GPIOPinTypeGPIOOutput         
000008b3  GPIOPinWrite                  
000008b9  ResetISR                      
000003a1  SysCtlClockGet                
000008bf  SysCtlDelay                   
000007d9  SysCtlPeripheralEnable        
000007a1  SysCtlPeripheralReady         
000008a3  UARTCharPut                   
000008c5  UARTClockSourceSet            
000006fd  UARTStdioConfig               
20000200  __STACK_END                   
00000200  __STACK_SIZE                  
20000200  __STACK_TOP                   
00000970  __TI_CINIT_Base               
00000978  __TI_CINIT_Limit              
00000960  __TI_Handler_Table_Base       
00000968  __TI_Handler_Table_Limit      
0000075d  __TI_auto_init_nobinit_nopinit
00000695  __TI_decompress_lzss          
00000895  __TI_decompress_none          
ffffffff  __TI_pprof_out_hndl           
ffffffff  __TI_prof_data_size           
ffffffff  __TI_prof_data_start          
00000000  __TI_static_base__            
0000058d  __aeabi_memcpy                
0000058d  __aeabi_memcpy4               
0000058d  __aeabi_memcpy8               
ffffffff  __binit__                     
ffffffff  __c_args__                    
UNDEFED   __mpu_init                    
20000000  __stack                       
0000080d  _c_int00_noargs               
UNDEFED   _system_post_cinit            
000008cb  _system_pre_init              
000008cf  abort                         
ffffffff  binit                         
00000000  g_pfnVectors                  
000004b1  main                          
0000058d  memcpy                        


GLOBAL SYMBOLS: SORTED BY Symbol Address 

address   name                          
-------   ----                          
00000000  __TI_static_base__            
00000000  g_pfnVectors                  
00000200  __STACK_SIZE                  
0000026d  GPIOPadConfigSet              
000003a1  SysCtlClockGet                
000004b1  main                          
0000058d  __aeabi_memcpy                
0000058d  __aeabi_memcpy4               
0000058d  __aeabi_memcpy8               
0000058d  memcpy                        
00000629  ConfigureUART                 
00000695  __TI_decompress_lzss          
000006fd  UARTStdioConfig               
0000075d  __TI_auto_init_nobinit_nopinit
000007a1  SysCtlPeripheralReady         
000007d9  SysCtlPeripheralEnable        
0000080d  _c_int00_noargs               
00000841  GPIODirModeSet                
0000086b  GPIOPinTypeGPIOOutput         
00000883  GPIOPinTypeGPIOInput          
00000895  __TI_decompress_none          
000008a3  UARTCharPut                   
000008ad  GPIOPinRead                   
000008b3  GPIOPinWrite                  
000008b9  ResetISR                      
000008bf  SysCtlDelay                   
000008c5  UARTClockSourceSet            
000008cb  _system_pre_init              
000008cf  C$$EXIT                       
000008cf  abort                         
00000960  __TI_Handler_Table_Base       
00000968  __TI_Handler_Table_Limit      
00000970  __TI_CINIT_Base               
00000978  __TI_CINIT_Limit              
20000000  __stack                       
20000200  __STACK_END                   
20000200  __STACK_TOP                   
ffffffff  __TI_pprof_out_hndl           
ffffffff  __TI_prof_data_size           
ffffffff  __TI_prof_data_start          
ffffffff  __binit__                     
ffffffff  __c_args__                    
ffffffff  binit                         
UNDEFED   __mpu_init                    
UNDEFED   _system_post_cinit            

[45 symbols]
