******************************************************************************
                  TI ARM Linker PC v18.12.1                    
******************************************************************************
>> Linked Sat Sep 21 21:09:14 2019

OUTPUT FILE NAME:   <hello.out>
ENTRY POINT SYMBOL: "_c_int00_noargs"  address: 000007d5


MEMORY CONFIGURATION

         name            origin    length      used     unused   attr    fill
----------------------  --------  ---------  --------  --------  ----  --------
  FLASH                 00000000   00040000  0000088a  0003f776  R  X
  SRAM                  20000000   00008000  00000205  00007dfb  RW X


SEGMENT ALLOCATION MAP

run origin  load origin   length   init length attrs members
----------  ----------- ---------- ----------- ----- -------
00000000    00000000    00000890   00000890    r-x
  00000000    00000000    0000026c   0000026c    r-- .intvecs
  0000026c    0000026c    000005ee   000005ee    r-x .text
  0000085c    0000085c    00000018   00000018    r-- .const
  00000878    00000878    00000018   00000018    r-- .cinit
20000000    20000000    00000205   00000000    rw-
  20000000    20000000    00000200   00000000    rw- .stack
  20000200    20000200    00000005   00000000    rw- .data


SECTION ALLOCATION MAP

 output                                  attributes/
section   page    origin      length       input sections
--------  ----  ----------  ----------   ----------------
.intvecs   0    00000000    0000026c     
                  00000000    0000026c     startup_ccs.obj (.intvecs)

.text      0    0000026c    000005ee     
                  0000026c    000001ea     uartstdio.obj (.text:UARTvprintf)
                  00000456    0000009c     rtsv7M4_T_le_v4SPD16_eabi.lib : memcpy_t2.asm.obj (.text)
                  000004f2    00000002     startup_ccs.obj (.text:FaultISR)
                  000004f4    00000078     hello.obj (.text:main)
                  0000056c    0000006c     hello.obj (.text:ConfigureUART1)
                  000005d8    00000068     hello.obj (.text:ConfigureUART)
                  00000640    00000068     rtsv7M4_T_le_v4SPD16_eabi.lib : copy_decompress_lzss.c.obj (.text:decompress:lzss:__TI_decompress_lzss)
                  000006a8    00000060     uartstdio.obj (.text:UARTStdioConfig)
                  00000708    00000048     uartstdio.obj (.text:UARTwrite)
                  00000750    00000044     rtsv7M4_T_le_v4SPD16_eabi.lib : autoinit.c.obj (.text:__TI_auto_init_nobinit_nopinit:__TI_auto_init_nobinit_nopinit)
                  00000794    00000040                                   : u_divt2.asm.obj (.text)
                  000007d4    00000034                                   : boot_cortex_m.c.obj (.text:_c_int00_noargs:_c_int00_noargs)
                  00000808    0000001a     uartstdio.obj (.text:UARTprintf)
                  00000822    0000000e     rtsv7M4_T_le_v4SPD16_eabi.lib : copy_decompress_none.c.obj (.text:decompress:none:__TI_decompress_none)
                  00000830    0000000a     driverlib.lib : uart.obj (.text:UARTCharGet)
                  0000083a    00000006                   : gpio.obj (.text:GPIOPinWrite)
                  00000840    00000006     startup_ccs.obj (.text:ResetISR)
                  00000846    00000006     driverlib.lib : uart.obj (.text:UARTClockSourceSet)
                  0000084c    00000004     rtsv7M4_T_le_v4SPD16_eabi.lib : pre_init.c.obj (.text:_system_pre_init)
                  00000850    00000004                                   : exit.c.obj (.text:abort:abort)
                  00000854    00000002     startup_ccs.obj (.text:IntDefaultHandler)
                  00000856    00000002     startup_ccs.obj (.text:NmiSR)
                  00000858    00000002     rtsv7M4_T_le_v4SPD16_eabi.lib : div0.asm.obj (.text)

.const     0    0000085c    00000018     
                  0000085c    0000000c     uartstdio.obj (.const:g_ui32UARTBase)
                  00000868    0000000c     uartstdio.obj (.const:g_ui32UARTPeriph)

.cinit     0    00000878    00000018     
                  00000878    00000008     (__TI_handler_table)
                  00000880    00000007     (.cinit..data.load) [load image, compression = lzss]
                  00000887    00000001     --HOLE-- [fill = 0]
                  00000888    00000008     (__TI_cinit_table)

.init_array 
*          0    00000000    00000000     UNINITIALIZED

.data      0    20000200    00000005     UNINITIALIZED
                  20000200    00000005     uartstdio.obj (.data)

.stack     0    20000000    00000200     UNINITIALIZED
                  20000000    00000004     rtsv7M4_T_le_v4SPD16_eabi.lib : boot_cortex_m.c.obj (.stack)
                  20000004    000001fc     --HOLE--

MODULE SUMMARY

       Module                       code   ro data   rw data
       ------                       ----   -------   -------
    .\
       startup_ccs.obj              12     620       0      
       hello.obj                    332    0         0      
    +--+----------------------------+------+---------+---------+
       Total:                       344    620       0      
                                                            
    .\utils\
       uartstdio.obj                684    24        5      
    +--+----------------------------+------+---------+---------+
       Total:                       684    24        5      
                                                            
    C:/ti/TivaWare_C_Series-2.1.4.178/driverlib/ccs/Debug/driverlib.lib
       uart.obj                     16     0         0      
       gpio.obj                     6      0         0      
    +--+----------------------------+------+---------+---------+
       Total:                       22     0         0      
                                                            
    C:\ti\ccs901\ccs\tools\compiler\ti-cgt-arm_18.12.1.LTS\lib\rtsv7M4_T_le_v4SPD16_eabi.lib
       memcpy_t2.asm.obj            156    0         0      
       copy_decompress_lzss.c.obj   104    0         0      
       autoinit.c.obj               68     0         0      
       u_divt2.asm.obj              64     0         0      
       boot_cortex_m.c.obj          52     0         0      
       copy_decompress_none.c.obj   14     0         0      
       exit.c.obj                   4      0         0      
       pre_init.c.obj               4      0         0      
       div0.asm.obj                 2      0         0      
    +--+----------------------------+------+---------+---------+
       Total:                       468    0         0      
                                                            
       Stack:                       0      0         512    
       Linker Generated:            0      23        0      
    +--+----------------------------+------+---------+---------+
       Grand Total:                 1518   667       517    


LINKER GENERATED COPY TABLES

__TI_cinit_table @ 00000888 records: 1, size/record: 8, table size: 8
	.data: load addr=00000880, load size=00000007 bytes, run addr=20000200, run size=00000005 bytes, compression=lzss


LINKER GENERATED HANDLER TABLE

__TI_handler_table @ 00000878 records: 2, size/record: 4, table size: 8
	index: 0, handler: __TI_decompress_lzss
	index: 1, handler: __TI_decompress_none


GLOBAL SYMBOLS: SORTED ALPHABETICALLY BY Name 

address   name                          
-------   ----                          
00000851  C$$EXIT                       
000005d9  ConfigureUART                 
0000056d  ConfigureUART1                
0000083b  GPIOPinWrite                  
00000841  ResetISR                      
00000831  UARTCharGet                   
00000847  UARTClockSourceSet            
000006a9  UARTStdioConfig               
00000809  UARTprintf                    
0000026d  UARTvprintf                   
00000709  UARTwrite                     
20000200  __STACK_END                   
00000200  __STACK_SIZE                  
20000200  __STACK_TOP                   
00000888  __TI_CINIT_Base               
00000890  __TI_CINIT_Limit              
00000878  __TI_Handler_Table_Base       
00000880  __TI_Handler_Table_Limit      
00000751  __TI_auto_init_nobinit_nopinit
00000641  __TI_decompress_lzss          
00000823  __TI_decompress_none          
ffffffff  __TI_pprof_out_hndl           
ffffffff  __TI_prof_data_size           
ffffffff  __TI_prof_data_start          
00000000  __TI_static_base__            
00000859  __aeabi_idiv0                 
00000859  __aeabi_ldiv0                 
00000457  __aeabi_memcpy                
00000457  __aeabi_memcpy4               
00000457  __aeabi_memcpy8               
00000795  __aeabi_uidiv                 
00000795  __aeabi_uidivmod              
ffffffff  __binit__                     
ffffffff  __c_args__                    
UNDEFED   __mpu_init                    
20000000  __stack                       
000007d5  _c_int00_noargs               
UNDEFED   _system_post_cinit            
0000084d  _system_pre_init              
00000851  abort                         
ffffffff  binit                         
00000000  g_pfnVectors                  
000004f5  main                          
00000457  memcpy                        


GLOBAL SYMBOLS: SORTED BY Symbol Address 

address   name                          
-------   ----                          
00000000  __TI_static_base__            
00000000  g_pfnVectors                  
00000200  __STACK_SIZE                  
0000026d  UARTvprintf                   
00000457  __aeabi_memcpy                
00000457  __aeabi_memcpy4               
00000457  __aeabi_memcpy8               
00000457  memcpy                        
000004f5  main                          
0000056d  ConfigureUART1                
000005d9  ConfigureUART                 
00000641  __TI_decompress_lzss          
000006a9  UARTStdioConfig               
00000709  UARTwrite                     
00000751  __TI_auto_init_nobinit_nopinit
00000795  __aeabi_uidiv                 
00000795  __aeabi_uidivmod              
000007d5  _c_int00_noargs               
00000809  UARTprintf                    
00000823  __TI_decompress_none          
00000831  UARTCharGet                   
0000083b  GPIOPinWrite                  
00000841  ResetISR                      
00000847  UARTClockSourceSet            
0000084d  _system_pre_init              
00000851  C$$EXIT                       
00000851  abort                         
00000859  __aeabi_idiv0                 
00000859  __aeabi_ldiv0                 
00000878  __TI_Handler_Table_Base       
00000880  __TI_Handler_Table_Limit      
00000888  __TI_CINIT_Base               
00000890  __TI_CINIT_Limit              
20000000  __stack                       
20000200  __STACK_END                   
20000200  __STACK_TOP                   
ffffffff  __TI_pprof_out_hndl           
ffffffff  __TI_prof_data_size           
ffffffff  __TI_prof_data_start          
ffffffff  __binit__                     
ffffffff  __c_args__                    
ffffffff  binit                         
UNDEFED   __mpu_init                    
UNDEFED   _system_post_cinit            

[44 symbols]
