******************************************************************************
                  TI ARM Linker PC v18.12.1                    
******************************************************************************
>> Linked Sun Sep 22 19:32:37 2019

OUTPUT FILE NAME:   <hello.out>
ENTRY POINT SYMBOL: "_c_int00_noargs"  address: 00000945


MEMORY CONFIGURATION

         name            origin    length      used     unused   attr    fill
----------------------  --------  ---------  --------  --------  ----  --------
  FLASH                 00000000   00040000  00000a24  0003f5dc  R  X
  SRAM                  20000000   00008000  00000209  00007df7  RW X


SEGMENT ALLOCATION MAP

run origin  load origin   length   init length attrs members
----------  ----------- ---------- ----------- ----- -------
00000000    00000000    00000a28   00000a28    r-x
  00000000    00000000    0000026c   0000026c    r-- .intvecs
  0000026c    0000026c    00000770   00000770    r-x .text
  000009dc    000009dc    00000018   00000018    r-- .const
  000009f8    000009f8    00000030   00000030    r-- .cinit
20000000    20000000    0000020c   00000000    rw-
  20000000    20000000    00000200   00000000    rw- .stack
  20000200    20000200    00000005   00000000    rw- .data
  20000208    20000208    00000004   00000000    rw- .bss


SECTION ALLOCATION MAP

 output                                  attributes/
section   page    origin      length       input sections
--------  ----  ----------  ----------   ----------------
.intvecs   0    00000000    0000026c     
                  00000000    0000026c     startup_ccs.obj (.intvecs)

.text      0    0000026c    00000770     
                  0000026c    000001ea     uartstdio.obj (.text:UARTvprintf)
                  00000456    00000002     startup_ccs.obj (.text:FaultISR)
                  00000458    00000128     hello.obj (.text:main)
                  00000580    0000009c     rtsv7M4_T_le_v4SPD16_eabi.lib : memcpy_t2.asm.obj (.text)
                  0000061c    0000006c     hello.obj (.text:ConfigureUART1)
                  00000688    00000068     hello.obj (.text:ConfigureUART)
                  000006f0    00000068     rtsv7M4_T_le_v4SPD16_eabi.lib : copy_decompress_lzss.c.obj (.text:decompress:lzss:__TI_decompress_lzss)
                  00000758    00000060     hello.obj (.text:Timer0IntHandler)
                  000007b8    00000060     hello.obj (.text:Timer1IntHandler)
                  00000818    00000060     uartstdio.obj (.text:UARTStdioConfig)
                  00000878    00000048     uartstdio.obj (.text:UARTwrite)
                  000008c0    00000044     rtsv7M4_T_le_v4SPD16_eabi.lib : autoinit.c.obj (.text:__TI_auto_init_nobinit_nopinit:__TI_auto_init_nobinit_nopinit)
                  00000904    00000040                                   : u_divt2.asm.obj (.text)
                  00000944    00000034                                   : boot_cortex_m.c.obj (.text:_c_int00_noargs:_c_int00_noargs)
                  00000978    0000001a     uartstdio.obj (.text:UARTprintf)
                  00000992    00000012     rtsv7M4_T_le_v4SPD16_eabi.lib : copy_zero_init.c.obj (.text:decompress:ZI:__TI_zero_init_nomemset:__TI_zero_init_nomemset)
                  000009a4    0000000e                                   : copy_decompress_none.c.obj (.text:decompress:none:__TI_decompress_none)
                  000009b2    0000000a     driverlib.lib : uart.obj (.text:UARTCharGet)
                  000009bc    00000006                   : gpio.obj (.text:GPIOPinWrite)
                  000009c2    00000006     startup_ccs.obj (.text:ResetISR)
                  000009c8    00000006     driverlib.lib : uart.obj (.text:UARTClockSourceSet)
                  000009ce    00000004     rtsv7M4_T_le_v4SPD16_eabi.lib : pre_init.c.obj (.text:_system_pre_init)
                  000009d2    00000004                                   : exit.c.obj (.text:abort:abort)
                  000009d6    00000002     startup_ccs.obj (.text:IntDefaultHandler)
                  000009d8    00000002     startup_ccs.obj (.text:NmiSR)
                  000009da    00000002     rtsv7M4_T_le_v4SPD16_eabi.lib : div0.asm.obj (.text)

.const     0    000009dc    00000018     
                  000009dc    0000000c     uartstdio.obj (.const:g_ui32UARTBase)
                  000009e8    0000000c     uartstdio.obj (.const:g_ui32UARTPeriph)

.cinit     0    000009f8    00000030     
                  000009f8    0000000c     (__TI_handler_table)
                  00000a04    00000004     --HOLE-- [fill = 0]
                  00000a08    00000008     (.cinit..bss.load) [load image, compression = zero_init]
                  00000a10    00000007     (.cinit..data.load) [load image, compression = lzss]
                  00000a17    00000001     --HOLE-- [fill = 0]
                  00000a18    00000010     (__TI_cinit_table)

.init_array 
*          0    00000000    00000000     UNINITIALIZED

.data      0    20000200    00000005     UNINITIALIZED
                  20000200    00000005     uartstdio.obj (.data)

.bss       0    20000208    00000004     UNINITIALIZED
                  20000208    00000004     (.common:g_ui32Flags)

.stack     0    20000000    00000200     UNINITIALIZED
                  20000000    00000004     rtsv7M4_T_le_v4SPD16_eabi.lib : boot_cortex_m.c.obj (.stack)
                  20000004    000001fc     --HOLE--

MODULE SUMMARY

       Module                       code   ro data   rw data
       ------                       ----   -------   -------
    .\
       hello.obj                    700    0         4      
       startup_ccs.obj              12     620       0      
    +--+----------------------------+------+---------+---------+
       Total:                       712    620       4      
                                                            
    .\utils\
       uartstdio.obj                684    24        5      
    +--+----------------------------+------+---------+---------+
       Total:                       684    24        5      
                                                            
    C:/ti/TivaWare_C_Series-2.1.4.178/driverlib/ccs/Debug/driverlib.lib
       uart.obj                     16     0         0      
       gpio.obj                     6      0         0      
    +--+----------------------------+------+---------+---------+
       Total:                       22     0         0      
                                                            
    C:\ti\ccs901\ccs\tools\compiler\ti-cgt-arm_18.12.1.LTS\lib\rtsv7M4_T_le_v4SPD16_eabi.lib
       memcpy_t2.asm.obj            156    0         0      
       copy_decompress_lzss.c.obj   104    0         0      
       autoinit.c.obj               68     0         0      
       u_divt2.asm.obj              64     0         0      
       boot_cortex_m.c.obj          52     0         0      
       copy_zero_init.c.obj         18     0         0      
       copy_decompress_none.c.obj   14     0         0      
       exit.c.obj                   4      0         0      
       pre_init.c.obj               4      0         0      
       div0.asm.obj                 2      0         0      
    +--+----------------------------+------+---------+---------+
       Total:                       486    0         0      
                                                            
       Stack:                       0      0         512    
       Linker Generated:            0      43        0      
    +--+----------------------------+------+---------+---------+
       Grand Total:                 1904   687       521    


LINKER GENERATED COPY TABLES

__TI_cinit_table @ 00000a18 records: 2, size/record: 8, table size: 16
	.bss: load addr=00000a08, load size=00000008 bytes, run addr=20000208, run size=00000004 bytes, compression=zero_init
	.data: load addr=00000a10, load size=00000007 bytes, run addr=20000200, run size=00000005 bytes, compression=lzss


LINKER GENERATED HANDLER TABLE

__TI_handler_table @ 000009f8 records: 3, size/record: 4, table size: 12
	index: 0, handler: __TI_decompress_lzss
	index: 1, handler: __TI_decompress_none
	index: 2, handler: __TI_zero_init


GLOBAL SYMBOLS: SORTED ALPHABETICALLY BY Name 

address   name                          
-------   ----                          
000009d3  C$$EXIT                       
00000689  ConfigureUART                 
0000061d  ConfigureUART1                
000009bd  GPIOPinWrite                  
000009c3  ResetISR                      
00000759  Timer0IntHandler              
000007b9  Timer1IntHandler              
000009b3  UARTCharGet                   
000009c9  UARTClockSourceSet            
00000819  UARTStdioConfig               
00000979  UARTprintf                    
0000026d  UARTvprintf                   
00000879  UARTwrite                     
20000200  __STACK_END                   
00000200  __STACK_SIZE                  
20000200  __STACK_TOP                   
00000a18  __TI_CINIT_Base               
00000a28  __TI_CINIT_Limit              
000009f8  __TI_Handler_Table_Base       
00000a04  __TI_Handler_Table_Limit      
000008c1  __TI_auto_init_nobinit_nopinit
000006f1  __TI_decompress_lzss          
000009a5  __TI_decompress_none          
ffffffff  __TI_pprof_out_hndl           
ffffffff  __TI_prof_data_size           
ffffffff  __TI_prof_data_start          
00000000  __TI_static_base__            
00000993  __TI_zero_init_nomemset       
000009db  __aeabi_idiv0                 
000009db  __aeabi_ldiv0                 
00000581  __aeabi_memcpy                
00000581  __aeabi_memcpy4               
00000581  __aeabi_memcpy8               
00000905  __aeabi_uidiv                 
00000905  __aeabi_uidivmod              
ffffffff  __binit__                     
ffffffff  __c_args__                    
UNDEFED   __mpu_init                    
20000000  __stack                       
00000945  _c_int00_noargs               
UNDEFED   _system_post_cinit            
000009cf  _system_pre_init              
000009d3  abort                         
ffffffff  binit                         
00000000  g_pfnVectors                  
20000208  g_ui32Flags                   
00000459  main                          
00000581  memcpy                        


GLOBAL SYMBOLS: SORTED BY Symbol Address 

address   name                          
-------   ----                          
00000000  __TI_static_base__            
00000000  g_pfnVectors                  
00000200  __STACK_SIZE                  
0000026d  UARTvprintf                   
00000459  main                          
00000581  __aeabi_memcpy                
00000581  __aeabi_memcpy4               
00000581  __aeabi_memcpy8               
00000581  memcpy                        
0000061d  ConfigureUART1                
00000689  ConfigureUART                 
000006f1  __TI_decompress_lzss          
00000759  Timer0IntHandler              
000007b9  Timer1IntHandler              
00000819  UARTStdioConfig               
00000879  UARTwrite                     
000008c1  __TI_auto_init_nobinit_nopinit
00000905  __aeabi_uidiv                 
00000905  __aeabi_uidivmod              
00000945  _c_int00_noargs               
00000979  UARTprintf                    
00000993  __TI_zero_init_nomemset       
000009a5  __TI_decompress_none          
000009b3  UARTCharGet                   
000009bd  GPIOPinWrite                  
000009c3  ResetISR                      
000009c9  UARTClockSourceSet            
000009cf  _system_pre_init              
000009d3  C$$EXIT                       
000009d3  abort                         
000009db  __aeabi_idiv0                 
000009db  __aeabi_ldiv0                 
000009f8  __TI_Handler_Table_Base       
00000a04  __TI_Handler_Table_Limit      
00000a18  __TI_CINIT_Base               
00000a28  __TI_CINIT_Limit              
20000000  __stack                       
20000200  __STACK_END                   
20000200  __STACK_TOP                   
20000208  g_ui32Flags                   
ffffffff  __TI_pprof_out_hndl           
ffffffff  __TI_prof_data_size           
ffffffff  __TI_prof_data_start          
ffffffff  __binit__                     
ffffffff  __c_args__                    
ffffffff  binit                         
UNDEFED   __mpu_init                    
UNDEFED   _system_post_cinit            

[48 symbols]
